127.0.0.1 - - [03/Dec/2024:09:32:46 +0530] "GET / HTTP/1.1" 404 751
0:0:0:0:0:0:0:1 - - [03/Dec/2024:09:32:46 +0530] "GET /UserApp/ HTTP/1.1" 404 763
0:0:0:0:0:0:0:1 - - [03/Dec/2024:09:32:54 +0530] "GET /UserApp/addUser HTTP/1.1" 404 770
0:0:0:0:0:0:0:1 - - [03/Dec/2024:09:32:58 +0530] "GET /UserApp/addUser HTTP/1.1" 404 770
0:0:0:0:0:0:0:1 - - [03/Dec/2024:09:33:09 +0530] "GET /UserApp/addUser.html HTTP/1.1" 200 607
0:0:0:0:0:0:0:1 - - [03/Dec/2024:09:33:19 +0530] "POST /UserApp/addServlet HTTP/1.1" 500 1097
127.0.0.1 - - [03/Dec/2024:09:35:46 +0530] "GET / HTTP/1.1" 404 751
0:0:0:0:0:0:0:1 - - [03/Dec/2024:09:35:55 +0530] "POST /UserApp/addServlet HTTP/1.1" 500 1097
127.0.0.1 - - [03/Dec/2024:09:41:52 +0530] "GET / HTTP/1.1" 404 751
0:0:0:0:0:0:0:1 - - [03/Dec/2024:09:41:53 +0530] "GET /UserApp/addServlet HTTP/1.1" 405 751
0:0:0:0:0:0:0:1 - - [03/Dec/2024:09:42:01 +0530] "GET /UserApp/addServlet.html HTTP/1.1" 404 778
0:0:0:0:0:0:0:1 - - [03/Dec/2024:09:42:17 +0530] "GET /UserApp/addUser.html HTTP/1.1" 304 -
0:0:0:0:0:0:0:1 - - [03/Dec/2024:09:42:21 +0530] "POST /UserApp/addServlet HTTP/1.1" 500 1097
0:0:0:0:0:0:0:1 - - [03/Dec/2024:09:42:54 +0530] "POST /UserApp/addServlet HTTP/1.1" 500 1097
0:0:0:0:0:0:0:1 - - [03/Dec/2024:09:43:00 +0530] "POST /UserApp/addServlet HTTP/1.1" 500 1097
127.0.0.1 - - [03/Dec/2024:09:43:27 +0530] "GET / HTTP/1.1" 404 751
0:0:0:0:0:0:0:1 - - [03/Dec/2024:09:43:28 +0530] "GET /UserApp/ HTTP/1.1" 404 763
0:0:0:0:0:0:0:1 - - [03/Dec/2024:09:43:43 +0530] "POST /UserApp/addServlet HTTP/1.1" 500 1097
127.0.0.1 - - [03/Dec/2024:09:46:51 +0530] "GET / HTTP/1.1" 404 751
0:0:0:0:0:0:0:1 - - [03/Dec/2024:09:46:52 +0530] "GET /UserApp/ HTTP/1.1" 404 763
0:0:0:0:0:0:0:1 - - [03/Dec/2024:09:47:02 +0530] "POST /UserApp/addServlet HTTP/1.1" 500 1097
127.0.0.1 - - [03/Dec/2024:09:48:46 +0530] "GET / HTTP/1.1" 404 751
0:0:0:0:0:0:0:1 - - [03/Dec/2024:09:48:52 +0530] "GET /UserApp/addUser.html HTTP/1.1" 304 -
0:0:0:0:0:0:0:1 - - [03/Dec/2024:09:48:58 +0530] "POST /UserApp/addServlet HTTP/1.1" 500 1097
127.0.0.1 - - [03/Dec/2024:09:51:05 +0530] "GET / HTTP/1.1" 404 751
0:0:0:0:0:0:0:1 - - [03/Dec/2024:09:51:14 +0530] "POST /UserApp/addServlet HTTP/1.1" 500 1097
127.0.0.1 - - [03/Dec/2024:09:51:49 +0530] "GET / HTTP/1.1" 404 751
0:0:0:0:0:0:0:1 - - [03/Dec/2024:09:51:57 +0530] "POST /UserApp/addServlet HTTP/1.1" 500 1097
127.0.0.1 - - [03/Dec/2024:09:53:14 +0530] "GET / HTTP/1.1" 404 751
0:0:0:0:0:0:0:1 - - [03/Dec/2024:09:53:19 +0530] "POST /UserApp/addServlet HTTP/1.1" 405 751
0:0:0:0:0:0:0:1 - - [03/Dec/2024:09:53:57 +0530] "POST /UserApp/addServlet HTTP/1.1" 405 747
127.0.0.1 - - [03/Dec/2024:09:54:15 +0530] "GET / HTTP/1.1" 404 751
0:0:0:0:0:0:0:1 - - [03/Dec/2024:09:54:26 +0530] "POST /UserApp/addServlet HTTP/1.1" 405 747
0:0:0:0:0:0:0:1 - - [03/Dec/2024:09:54:33 +0530] "GET /UserApp/addUser.html HTTP/1.1" 304 -
0:0:0:0:0:0:0:1 - - [03/Dec/2024:09:54:44 +0530] "POST /UserApp/addServlet HTTP/1.1" 405 747
0:0:0:0:0:0:0:1 - - [03/Dec/2024:09:55:03 +0530] "POST /UserApp/addServlet HTTP/1.1" 405 747
127.0.0.1 - - [03/Dec/2024:09:56:20 +0530] "GET / HTTP/1.1" 404 751
0:0:0:0:0:0:0:1 - - [03/Dec/2024:09:56:20 +0530] "GET /UserApp/ HTTP/1.1" 404 763
0:0:0:0:0:0:0:1 - - [03/Dec/2024:09:56:35 +0530] "POST /UserApp/addServlet HTTP/1.1" 405 747
127.0.0.1 - - [03/Dec/2024:10:02:33 +0530] "GET / HTTP/1.1" 404 751
0:0:0:0:0:0:0:1 - - [03/Dec/2024:10:02:42 +0530] "POST /UserApp/addServlet HTTP/1.1" 405 747
127.0.0.1 - - [03/Dec/2024:10:04:38 +0530] "GET / HTTP/1.1" 404 751
0:0:0:0:0:0:0:1 - - [03/Dec/2024:10:04:38 +0530] "GET /UserApp/ HTTP/1.1" 404 763
0:0:0:0:0:0:0:1 - - [03/Dec/2024:10:04:43 +0530] "GET /UserApp/addUser.html HTTP/1.1" 304 -
0:0:0:0:0:0:0:1 - - [03/Dec/2024:10:04:56 +0530] "POST /UserApp/addServlet HTTP/1.1" 200 34
0:0:0:0:0:0:0:1 - - [03/Dec/2024:10:05:55 +0530] "POST /UserApp/addServlet HTTP/1.1" 200 34
0:0:0:0:0:0:0:1 - - [03/Dec/2024:10:07:07 +0530] "POST /UserApp/addServlet HTTP/1.1" 200 34
0:0:0:0:0:0:0:1 - - [03/Dec/2024:10:08:05 +0530] "POST /UserApp/addServlet HTTP/1.1" 200 34
127.0.0.1 - - [03/Dec/2024:10:17:23 +0530] "GET / HTTP/1.1" 404 751
0:0:0:0:0:0:0:1 - - [03/Dec/2024:10:17:42 +0530] "GET /UserApp/updateUser.html HTTP/1.1" 200 448
0:0:0:0:0:0:0:1 - - [03/Dec/2024:10:18:01 +0530] "POST /UserApp/updateServlet HTTP/1.1" 200 -
127.0.0.1 - - [03/Dec/2024:10:22:02 +0530] "GET / HTTP/1.1" 404 751
0:0:0:0:0:0:0:1 - - [03/Dec/2024:10:22:09 +0530] "POST /UserApp/updateServlet HTTP/1.1" 200 34
127.0.0.1 - - [03/Dec/2024:10:34:35 +0530] "GET / HTTP/1.1" 404 751
0:0:0:0:0:0:0:1 - - [03/Dec/2024:10:34:37 +0530] "GET /UserApp/readServlet HTTP/1.1" 200 905
127.0.0.1 - - [03/Dec/2024:10:40:05 +0530] "GET / HTTP/1.1" 404 751
0:0:0:0:0:0:0:1 - - [03/Dec/2024:10:40:06 +0530] "GET /UserApp/deleteUser.html HTTP/1.1" 200 357
0:0:0:0:0:0:0:1 - - [03/Dec/2024:10:40:25 +0530] "POST /UserApp/deleteServlet HTTP/1.1" 200 -
0:0:0:0:0:0:0:1 - - [03/Dec/2024:10:40:49 +0530] "POST /UserApp/deleteServlet HTTP/1.1" 200 -
0:0:0:0:0:0:0:1 - - [03/Dec/2024:10:41:18 +0530] "POST /UserApp/deleteServlet HTTP/1.1" 200 -
0:0:0:0:0:0:0:1 - - [03/Dec/2024:10:42:17 +0530] "GET /UserApp/addUser.html HTTP/1.1" 304 -
0:0:0:0:0:0:0:1 - - [03/Dec/2024:10:42:34 +0530] "POST /UserApp/addServlet HTTP/1.1" 200 34
0:0:0:0:0:0:0:1 - - [03/Dec/2024:10:42:38 +0530] "GET /UserApp/readServlet HTTP/1.1" 200 990
0:0:0:0:0:0:0:1 - - [03/Dec/2024:10:42:53 +0530] "GET /UserApp/deleteUser.html HTTP/1.1" 304 -
0:0:0:0:0:0:0:1 - - [03/Dec/2024:10:43:08 +0530] "POST /UserApp/deleteServlet HTTP/1.1" 200 -
127.0.0.1 - - [03/Dec/2024:10:43:23 +0530] "GET / HTTP/1.1" 404 751
0:0:0:0:0:0:0:1 - - [03/Dec/2024:10:43:28 +0530] "POST /UserApp/deleteServlet HTTP/1.1" 200 -
127.0.0.1 - - [03/Dec/2024:12:09:00 +0530] "GET / HTTP/1.1" 404 751
0:0:0:0:0:0:0:1 - - [03/Dec/2024:12:09:14 +0530] "GET /UserApp/updateUser.html HTTP/1.1" 304 -
0:0:0:0:0:0:0:1 - - [03/Dec/2024:12:09:21 +0530] "GET /UserApp/deleteUser.html HTTP/1.1" 304 -
0:0:0:0:0:0:0:1 - - [03/Dec/2024:12:10:02 +0530] "POST /UserApp/deleteServlet HTTP/1.1" 200 34
0:0:0:0:0:0:0:1 - - [03/Dec/2024:12:10:29 +0530] "POST /UserApp/deleteServlet HTTP/1.1" 200 34
127.0.0.1 - - [03/Dec/2024:12:15:55 +0530] "GET / HTTP/1.1" 404 751
0:0:0:0:0:0:0:1 - - [03/Dec/2024:12:15:56 +0530] "GET /UserApp/addUser.html HTTP/1.1" 304 -
0:0:0:0:0:0:0:1 - - [03/Dec/2024:12:16:36 +0530] "POST /UserApp/addServlet HTTP/1.1" 500 1097
127.0.0.1 - - [03/Dec/2024:12:16:55 +0530] "GET / HTTP/1.1" 404 751
0:0:0:0:0:0:0:1 - - [03/Dec/2024:12:16:58 +0530] "POST /UserApp/addServlet HTTP/1.1" 500 1097
127.0.0.1 - - [03/Dec/2024:12:18:16 +0530] "GET / HTTP/1.1" 404 751
0:0:0:0:0:0:0:1 - - [03/Dec/2024:12:18:20 +0530] "GET /UserApp/addUser.html HTTP/1.1" 304 -
0:0:0:0:0:0:0:1 - - [03/Dec/2024:12:18:31 +0530] "POST /UserApp/addServlet HTTP/1.1" 500 1097
127.0.0.1 - - [03/Dec/2024:12:19:59 +0530] "GET / HTTP/1.1" 404 751
0:0:0:0:0:0:0:1 - - [03/Dec/2024:12:20:01 +0530] "POST /UserApp/addServlet HTTP/1.1" 200 34
127.0.0.1 - - [03/Dec/2024:12:28:35 +0530] "GET / HTTP/1.1" 404 751
0:0:0:0:0:0:0:1 - - [03/Dec/2024:12:28:37 +0530] "GET /UserApp/readServlet HTTP/1.1" 200 831
0:0:0:0:0:0:0:1 - - [03/Dec/2024:12:28:45 +0530] "GET /UserApp/readServlet HTTP/1.1" 200 831
127.0.0.1 - - [03/Dec/2024:13:06:00 +0530] "GET / HTTP/1.1" 404 751
0:0:0:0:0:0:0:1 - - [03/Dec/2024:13:06:10 +0530] "GET /UserApp/readServlet HTTP/1.1" 200 831
127.0.0.1 - - [03/Dec/2024:13:12:58 +0530] "GET / HTTP/1.1" 404 751
0:0:0:0:0:0:0:1 - - [03/Dec/2024:13:12:58 +0530] "GET /UserApp/addUser.html HTTP/1.1" 304 -
0:0:0:0:0:0:0:1 - - [03/Dec/2024:13:13:26 +0530] "POST /UserApp/addServlet HTTP/1.1" 200 34
127.0.0.1 - - [03/Dec/2024:13:15:00 +0530] "GET / HTTP/1.1" 404 751
0:0:0:0:0:0:0:1 - - [03/Dec/2024:13:15:11 +0530] "POST /UserApp/addServlet HTTP/1.1" 200 34
127.0.0.1 - - [03/Dec/2024:13:18:36 +0530] "GET / HTTP/1.1" 404 751
0:0:0:0:0:0:0:1 - - [03/Dec/2024:13:19:03 +0530] "GET /UserApp/addUser.html HTTP/1.1" 304 -
0:0:0:0:0:0:0:1 - - [03/Dec/2024:13:19:15 +0530] "POST /UserApp/addServlet HTTP/1.1" 200 34
127.0.0.1 - - [03/Dec/2024:14:53:33 +0530] "GET / HTTP/1.1" 404 751
0:0:0:0:0:0:0:1 - - [03/Dec/2024:14:53:34 +0530] "GET /PreparedStatement/product.html HTTP/1.1" 200 518
0:0:0:0:0:0:0:1 - - [03/Dec/2024:14:53:57 +0530] "POST /PreparedStatement/ProductServlet HTTP/1.1" 500 1091
127.0.0.1 - - [03/Dec/2024:14:55:27 +0530] "GET / HTTP/1.1" 404 751
0:0:0:0:0:0:0:1 - - [03/Dec/2024:14:55:33 +0530] "POST /PreparedStatement/ProductServlet HTTP/1.1" 500 1091
127.0.0.1 - - [03/Dec/2024:14:57:23 +0530] "GET / HTTP/1.1" 404 751
0:0:0:0:0:0:0:1 - - [03/Dec/2024:14:57:29 +0530] "POST /PreparedStatement/ProductServlet HTTP/1.1" 200 35
0:0:0:0:0:0:0:1 - - [03/Dec/2024:14:58:28 +0530] "POST /PreparedStatement/ProductServlet HTTP/1.1" 200 35
0:0:0:0:0:0:0:1 - - [03/Dec/2024:14:59:19 +0530] "POST /PreparedStatement/ProductServlet HTTP/1.1" 200 36
0:0:0:0:0:0:0:1 - - [03/Dec/2024:14:59:59 +0530] "POST /PreparedStatement/ProductServlet HTTP/1.1" 200 36
127.0.0.1 - - [03/Dec/2024:15:04:30 +0530] "GET / HTTP/1.1" 404 751
0:0:0:0:0:0:0:1 - - [03/Dec/2024:15:04:30 +0530] "GET /PreparedStatement/updateUser.html HTTP/1.1" 200 448
127.0.0.1 - - [03/Dec/2024:15:05:28 +0530] "GET / HTTP/1.1" 404 751
0:0:0:0:0:0:0:1 - - [03/Dec/2024:15:05:29 +0530] "GET /PreparedStatement/updateUser.html HTTP/1.1" 200 426
0:0:0:0:0:0:0:1 - - [03/Dec/2024:15:06:00 +0530] "POST /PreparedStatement/updateServlet HTTP/1.1" 200 -
127.0.0.1 - - [03/Dec/2024:15:08:35 +0530] "GET / HTTP/1.1" 404 751
0:0:0:0:0:0:0:1 - - [03/Dec/2024:15:08:35 +0530] "GET /PreparedStatement/updateProduct.html HTTP/1.1" 200 433
0:0:0:0:0:0:0:1 - - [03/Dec/2024:15:08:43 +0530] "POST /PreparedStatement/updateProductServlet HTTP/1.1" 200 -
127.0.0.1 - - [03/Dec/2024:15:09:31 +0530] "GET / HTTP/1.1" 404 751
0:0:0:0:0:0:0:1 - - [03/Dec/2024:15:09:33 +0530] "POST /PreparedStatement/updateProductServlet HTTP/1.1" 200 -
127.0.0.1 - - [03/Dec/2024:15:10:18 +0530] "GET / HTTP/1.1" 404 751
0:0:0:0:0:0:0:1 - - [03/Dec/2024:15:10:20 +0530] "POST /PreparedStatement/updateProductServlet HTTP/1.1" 200 36
127.0.0.1 - - [03/Dec/2024:23:03:08 +0530] "GET / HTTP/1.1" 404 751
0:0:0:0:0:0:0:1 - - [03/Dec/2024:23:03:08 +0530] "GET /InterServletCommunication/ HTTP/1.1" 404 781
0:0:0:0:0:0:0:1 - - [03/Dec/2024:23:03:18 +0530] "GET /InterServletCommunication/login.html HTTP/1.1" 200 278
0:0:0:0:0:0:0:1 - - [03/Dec/2024:23:03:40 +0530] "POST /InterServletCommunication/loginServlet HTTP/1.1" 200 -
0:0:0:0:0:0:0:1 - - [03/Dec/2024:23:04:17 +0530] "POST /InterServletCommunication/loginServlet HTTP/1.1" 200 -
127.0.0.1 - - [03/Dec/2024:23:05:00 +0530] "GET / HTTP/1.1" 404 751
0:0:0:0:0:0:0:1 - - [03/Dec/2024:23:05:06 +0530] "POST /InterServletCommunication/loginServlet HTTP/1.1" 200 38
127.0.0.1 - - [03/Dec/2024:23:05:21 +0530] "GET / HTTP/1.1" 404 751
0:0:0:0:0:0:0:1 - - [03/Dec/2024:23:05:27 +0530] "POST /InterServletCommunication/loginServlet HTTP/1.1" 200 38
0:0:0:0:0:0:0:1 - - [03/Dec/2024:23:06:33 +0530] "POST /InterServletCommunication/loginServlet HTTP/1.1" 200 278
127.0.0.1 - - [03/Dec/2024:23:18:11 +0530] "GET / HTTP/1.1" 404 751
0:0:0:0:0:0:0:1 - - [03/Dec/2024:23:18:11 +0530] "GET /PreInitDemo/ HTTP/1.1" 404 767
127.0.0.1 - - [03/Dec/2024:23:19:08 +0530] "GET / HTTP/1.1" 404 751
0:0:0:0:0:0:0:1 - - [03/Dec/2024:23:19:12 +0530] "GET /PreInitDemo/ HTTP/1.1" 404 767
0:0:0:0:0:0:0:1 - - [03/Dec/2024:23:19:13 +0530] "GET /PreInitDemo/ HTTP/1.1" 404 767
0:0:0:0:0:0:0:1 - - [03/Dec/2024:23:19:29 +0530] "GET /PreInitDemo/preInitServlet HTTP/1.1" 200 15
127.0.0.1 - - [03/Dec/2024:23:21:06 +0530] "GET / HTTP/1.1" 404 751
127.0.0.1 - - [03/Dec/2024:23:26:32 +0530] "GET / HTTP/1.1" 404 751
127.0.0.1 - - [03/Dec/2024:23:35:30 +0530] "GET / HTTP/1.1" 404 751
0:0:0:0:0:0:0:1 - - [03/Dec/2024:23:35:31 +0530] "GET /ListenerDemo/ListenerDemoServlet HTTP/1.1" 200 -
